Γû▓ Next.js 16.1.6 (Turbopack)
- Environments: .env.local

  Creating an optimized production build ...
Γ£ô Compiled successfully in 10.8s
  Running TypeScript ...
  Collecting page data using 7 workers ...
  Generating static pages using 7 workers (0/22) ...
npx : ReferenceError: 
location is not defined
At line:1 char:1
+ npx next build 
--debug 2>&1 | tee 
build_output.txt
+ ~~~~~~~~~~~~~~~~~~~~~
~~~~~~
    + CategoryInfo     
         : NotSpecifi  
  ed: (ReferenceErro   
 r: location is not    
 defined:String) [    
], RemoteException
    + FullyQualifiedEr 
   rorId : NativeComm  
  andError
 
    at v (D:\twitter\.n
ext\server\chunks\ssr\_
7f2c4c8c._.js:1:1541)
  Generating static pages using 7 workers (5/22) 
  Generating static pages using 7 workers (10/22) 
  Generating static pages using 7 workers (16/22) 
Γ£ô Generating static pages using 7 workers (22/22) in 4.1s
  Finalizing page optimization ...


Redirects
Γöî source: /:path+/
Γö£ destination: /:path+
Γöö permanent: true


Headers
Γöî source: /(.*)
Γöö headers:
  Γöö Cross-Origin-Opener-Policy: same-origin-allow-popups


Route (app)
Γöî Γùï /
Γö£ Γùï /_not-found
Γö£ ╞Æ /api/notify
Γö£ Γùï /bookmarks
Γö£ Γùï /compose/post
Γö£ Γùï /debug
Γö£ Γùï /explore
Γö£ Γùï /messages
Γö£ ╞Æ /messages/[id]
Γö£ Γùï /notifications
Γö£ Γùï /profile
Γö£ ╞Æ /profile/[id]
Γö£ ╞Æ /profile/[id]/[type]
Γö£ Γùï /settings
Γö£ Γùï /settings/accessibility
Γö£ Γùï /settings/account
Γö£ Γùï /settings/account/data
Γö£ Γùï /settings/account/deactivate
Γö£ Γùï /settings/account/info
Γö£ Γùï /settings/account/password
Γö£ Γùï /settings/notifications
Γö£ Γùï /settings/resources
Γöö Γùï /settings/security


Γùï  (Static)   prerendered as static content
╞Æ  (Dynamic)  server-rendered on demand

